files/57.csv
id,week,center_id,meal_id,checkout_price,base_price,emailer_for_promotion,homepage_featured,num_orders
1172504,15,57,2664,83.48,83.48,0,0,26
1461013,18,57,2664,327.89,327.89,0,0,148
1071919,19,57,2664,328.89,328.89,0,0,270
1413664,20,57,2664,328.89,328.89,0,0,188
1256400,21,57,2664,326.89,328.89,0,0,229
1118000,22,57,2664,327.89,328.89,0,0,188
1137961,23,57,2664,328.89,327.89,0,0,176
1472366,24,57,2664,327.89,327.89,0,0,149
1449000,25,57,2664,327.89,327.89,0,0,257
1453863,26,57,2664,327.89,327.89,0,0,215
1457077,27,57,2664,243.5,326.89,0,0,323
1004870,28,57,2664,322.1,321.1,0,0,161
1014774,29,57,2664,328.89,328.89,0,0,108
1395764,30,57,2664,327.89,327.89,0,0,217
1445822,31,57,2664,326.89,328.89,0,0,190
1088628,32,57,2664,328.89,326.89,0,0,204
1341951,33,57,2664,328.89,327.89,0,0,188
1480185,34,57,2664,328.89,327.89,0,0,80
1068528,35,57,2664,326.89,326.89,0,0,109
1163826,36,57,2664,323.07,323.07,0,0,203
1212067,37,57,2664,243.5,321.07,1,0,323
1419789,38,57,2664,326.89,328.89,0,0,53
1387618,39,57,2664,304.61,304.61,0,0,284
1139016,40,57,2664,327.89,326.89,0,0,148
1458679,41,57,2664,327.89,328.89,0,0,175
1032005,42,57,2664,327.89,328.89,0,0,284
1448729,43,57,2664,328.89,327.89,0,0,242
1287399,44,57,2664,327.89,327.89,0,0,162
1481320,45,57,2664,328.89,326.89,0,0,215
1124020,46,57,2664,326.89,328.89,0,0,68
1173927,47,57,2664,327.89,327.89,0,0,177
1473298,48,57,2664,326.89,327.89,0,0,244
1342114,49,57,2664,326.89,326.89,0,0,217
1156321,50,57,2664,328.89,327.89,0,0,162
1405067,51,57,2664,326.89,326.89,0,0,163
1329758,52,57,2664,328.89,328.89,0,0,379
1076057,53,57,2664,328.89,326.89,0,0,310
1266739,54,57,2664,328.89,328.89,0,0,215
1318344,55,57,2664,327.89,327.89,0,0,162
1332625,56,57,2664,268.72,327.89,1,0,405
1399367,57,57,2664,270.66,328.89,1,0,136
1240650,58,57,2664,326.89,326.89,0,0,149
1420371,59,57,2664,327.89,327.89,0,0,350
1282047,60,57,2664,327.89,326.89,0,0,350
1236539,61,57,2664,327.89,328.89,0,0,283
1091158,62,57,2664,328.89,326.89,0,0,96
1355885,63,57,2664,326.89,326.89,0,0,215
1296895,64,57,2664,328.89,326.89,0,0,243
1423620,65,57,2664,327.89,328.89,0,0,393
1304774,66,57,2664,327.89,328.89,0,0,216
1154140,67,57,2664,327.89,327.89,0,0,257
1004369,68,57,2664,328.89,326.89,0,0,161
1407591,69,57,2664,322.04,323.04,0,0,474
1387112,70,57,2664,328.89,327.89,0,0,136
1178391,71,57,2664,327.89,328.89,0,0,392
1466574,72,57,2664,328.89,328.89,0,0,243
1254522,73,57,2664,326.89,326.89,0,0,541
1422171,74,57,2664,327.89,326.89,0,0,285
1255886,75,57,2664,326.89,327.89,0,0,230
1418161,76,57,2664,327.89,328.89,0,0,459
1311029,77,57,2664,328.89,328.89,0,0,352
1182088,78,57,2664,324.98,325.98,0,0,445
1285504,79,57,2664,310.43,309.43,0,0,377
1008400,80,57,2664,310.43,310.43,0,0,135
1408870,81,57,2664,309.43,311.43,0,0,472
1091098,82,57,2664,252.2,310.43,1,1,769
1184294,83,57,2664,310.43,310.43,0,0,366
1358489,84,57,2664,310.43,309.43,0,0,296
1341939,85,57,2664,310.43,310.43,0,0,420
1175712,86,57,2664,310.43,309.43,0,0,393
1006347,87,57,2664,311.43,310.43,0,0,378
1234618,88,57,2664,309.43,310.43,0,0,393
1494498,89,57,2664,310.43,309.43,0,0,391
1145774,90,57,2664,310.43,311.43,0,0,338
1286924,91,57,2664,311.43,310.43,0,0,674
1386719,92,57,2664,311.43,310.43,0,0,378
1390952,93,57,2664,309.43,310.43,0,0,339
1040038,94,57,2664,310.43,310.43,0,0,231
1404506,95,57,2664,310.43,309.43,0,0,472
1111681,96,57,2664,311.43,309.43,0,0,501
1070783,97,57,2664,311.43,309.43,0,0,177
1356207,98,57,2664,311.43,311.43,0,0,284
1451087,99,57,2664,311.43,310.43,0,0,512
1204042,100,57,2664,311.43,310.43,0,0,593
1454297,101,57,2664,311.43,311.43,0,0,296
1410510,102,57,2664,311.43,309.43,0,0,175
1392864,103,57,2664,310.43,309.43,0,0,163
1208374,104,57,2664,310.43,310.43,0,0,257
1129345,105,57,2664,309.43,309.43,0,0,311
1072755,106,57,2664,309.43,311.43,0,0,258
1389708,107,57,2664,309.43,310.43,0,0,256
1208683,108,57,2664,309.43,310.43,0,0,541
1033771,109,57,2664,309.43,309.43,0,0,364
1349487,110,57,2664,311.43,311.43,0,0,377
1361650,111,57,2664,310.43,309.43,0,0,269
1383647,112,57,2664,311.43,309.43,0,0,500
1171781,113,57,2664,310.43,309.43,0,0,339
1339119,114,57,2664,305.61,303.61,0,0,338
1426032,115,57,2664,248.35,305.61,1,1,635
1245714,116,57,2664,249.29,304.61,0,1,473
1077088,117,57,2664,308.46,310.46,0,0,661
1213314,118,57,2664,311.43,311.43,0,0,285
1085927,119,57,2664,309.43,309.43,0,0,351
1383660,120,57,2664,311.43,311.43,0,0,283
1076522,121,57,2664,310.43,311.43,0,0,541
1258160,122,57,2664,311.43,310.43,0,0,420
1333604,123,57,2664,310.43,311.43,0,0,377
1180769,124,57,2664,310.43,310.43,0,0,420
1175603,125,57,2664,309.43,309.43,0,0,216
1370805,126,57,2664,315.28,316.28,0,0,675
1270918,127,57,2664,340.53,339.53,0,0,285
1045250,128,57,2664,338.53,340.53,0,0,229
1468563,129,57,2664,338.53,338.53,0,0,244
1072735,130,57,2664,340.53,339.53,0,0,540
1385742,131,57,2664,339.53,340.53,0,0,432
1190763,132,57,2664,340.53,339.53,0,0,258
1365694,133,57,2664,340.53,340.53,0,0,364
1135002,134,57,2664,340.53,338.53,0,0,447
1196828,135,57,2664,338.53,338.53,0,0,433
1381217,136,57,2664,338.53,340.53,0,0,379
1004848,137,57,2664,340.53,338.53,0,0,215
1488188,138,57,2664,339.53,338.53,0,0,392
1295993,139,57,2664,339.53,338.53,0,0,487
1226946,140,57,2664,326.89,327.89,0,0,202
1193001,141,57,2664,322.07,323.07,0,0,230
1304930,142,57,2664,298.79,299.79,0,0,431
1494633,143,57,2664,322.07,323.07,0,0,554
1497079,144,57,2664,250.26,323.07,1,1,567
1468602,145,57,2664,250.32,323.07,0,0,379
1048882,16,57,1207,324.98,325.98,0,0,67
1110067,17,57,1207,319.19,324.98,1,0,69
1339716,18,57,1207,321.07,325.98,1,0,190
1185941,19,57,1207,325.01,325.01,0,0,123
1201249,20,57,1207,323.98,324.98,0,0,54
1054388,21,57,1207,325.98,325.98,0,0,55
1121867,22,57,1207,309.46,310.46,0,0,54
1145463,23,57,1207,318.22,317.22,0,0,136
1471160,24,57,1207,324.01,323.01,0,0,15
1463485,25,57,1207,324.98,323.98,0,0,109
1256526,26,57,1207,318.19,318.19,0,0,189
1129204,27,57,1207,314.28,314.28,0,0,134
1146942,28,57,1207,324.01,325.01,0,0,134
1003634,29,57,1207,324.01,323.01,0,0,123
1041059,30,57,1207,324.98,325.98,0,0,81
1408292,31,57,1207,323.98,325.98,0,0,81
1092646,32,57,1207,321.1,320.1,0,0,136
1493984,33,57,1207,324.98,324.98,0,0,15
1044797,34,57,1207,323.98,325.98,0,0,15
1408122,35,57,1207,325.98,323.98,0,0,96
1022984,36,57,1207,324.01,325.01,0,0,96
1288975,37,57,1207,219.22,324.01,0,0,54
1228799,38,57,1207,324.01,323.01,0,0,13
1205014,39,57,1207,318.19,319.19,0,0,149
1085216,40,57,1207,303.61,304.61,0,0,54
1072251,41,57,1207,324.98,323.98,0,0,80
1121995,42,57,1207,312.4,311.4,0,0,69
1124115,43,57,1207,323.01,324.01,0,0,108
1402088,44,57,1207,318.19,318.19,0,0,68
1145998,45,57,1207,315.25,317.25,0,0,109
1122702,46,57,1207,313.37,312.37,0,0,107
1017476,47,57,1207,309.43,310.43,0,0,96
1240756,48,57,1207,318.22,316.22,0,0,189
1376853,49,57,1207,286.21,316.22,1,0,284
1077017,50,57,1207,288.12,287.12,0,0,123
1149183,51,57,1207,286.18,289.12,1,1,391
1416123,52,57,1207,288.15,287.12,1,1,458
1093332,53,57,1207,317.22,288.12,0,1,555
1128502,54,57,1207,317.22,316.22,0,0,298
1383865,55,57,1207,325.98,316.22,0,1,122
1143674,56,57,1207,325.01,317.22,0,1,148
1422680,57,57,1207,316.22,317.22,0,1,296
1283346,58,57,1207,317.19,319.19,0,0,176
1127664,59,57,1207,317.22,317.22,0,0,176
1278730,60,57,1207,304.64,304.64,0,0,107
1245300,61,57,1207,313.31,314.31,0,0,204
1487348,62,57,1207,319.13,319.13,0,0,53
1083702,63,57,1207,316.28,314.28,0,0,15
1217880,117,57,1207,310.4,310.4,0,0,161
1209589,118,57,1207,316.28,316.28,0,0,189
1121397,119,57,1207,323.07,322.07,0,0,55
1374276,120,57,1207,321.13,319.13,0,0,203
1149628,121,57,1207,304.64,320.13,1,0,189
1413389,122,57,1207,314.34,320.13,0,1,190
1010618,123,57,1207,315.25,317.25,0,0,163
1173909,124,57,1207,316.28,316.28,0,0,94
1311679,125,57,1207,307.55,305.55,0,0,123
1438520,126,57,1207,307.52,307.52,0,0,202
1305287,127,57,1207,343.41,344.41,0,0,217
1008281,128,57,1207,355.99,356.99,0,0,175
1163194,129,57,1207,317.22,355.99,1,1,244
1359570,130,57,1207,318.16,357.99,0,1,242
1491499,131,57,1207,319.16,355.99,0,1,190
1238027,132,57,1207,316.22,356.99,1,1,312
1022267,133,57,1207,364.78,364.78,0,0,121
1452550,134,57,1207,363.78,363.78,0,0,107
1466774,135,57,1207,366.72,364.72,0,0,149
1087273,136,57,1207,364.75,365.75,0,0,122
1083099,137,57,1207,357.02,357.02,0,0,82
1187135,138,57,1207,360.87,360.87,0,0,41
1000722,139,57,1207,359.93,357.93,0,0,177
1184717,140,57,1207,356.02,357.02,0,0,122
1307002,141,57,1207,353.08,354.08,0,0,175
1031820,142,57,1207,360.84,362.84,0,0,150
1286647,143,57,1207,357.02,357.02,0,0,122
1115563,144,57,1207,356.96,356.96,0,0,136
1105422,145,57,1207,362.81,362.81,0,0,162
1114407,20,57,1770,435.53,436.53,0,0,13
1464867,26,57,1770,485.03,486.03,0,0,14
1145612,32,57,1770,389.03,484.03,0,0,13
1452486,36,57,1770,485.03,485.03,0,0,15
1333518,38,57,1770,485.03,484.03,0,0,15
1198794,40,57,1770,484.03,484.03,0,0,14
1188702,51,57,1770,486.03,485.03,0,0,13
1138922,65,57,1770,485.03,485.03,0,0,13
1167826,67,57,1770,464.63,466.63,0,0,14
1071876,78,57,1770,485.03,485.03,0,0,14
1216174,82,57,1770,486.03,486.03,0,0,13
1296272,90,57,1770,455.93,456.93,0,0,15
1158254,99,57,1770,485.03,485.03,0,0,15
1018109,100,57,1770,484.03,484.03,0,0,14
1093635,102,57,1770,485.03,485.03,0,0,14
1146026,105,57,1770,412.28,485.03,0,0,14
1262169,107,57,1770,411.28,485.03,0,0,15
1045632,108,57,1770,412.28,486.03,0,0,15
1446170,115,57,1770,485.03,485.03,0,0,15
1304785,117,57,1770,485.03,486.03,0,0,15
1493860,126,57,1770,486.03,486.03,0,0,14
1277694,129,57,1770,484.03,486.03,0,0,14
1217649,132,57,1770,446.23,447.23,0,0,13
1366365,133,57,1770,447.23,447.23,0,0,14
1067028,144,57,1770,486.03,486.03,0,0,13
1234231,20,57,2569,326.89,326.89,0,0,215
1261627,21,57,2569,327.89,328.89,0,0,177
1099758,22,57,2569,328.89,326.89,0,0,108
1073357,23,57,2569,328.89,328.89,0,0,135
1005780,24,57,2569,328.89,328.89,0,0,122
1142729,25,57,2569,327.89,327.89,0,0,229
1163677,26,57,2569,326.89,328.89,0,0,216
1009147,27,57,2569,242.5,328.89,0,0,485
1323417,28,57,2569,326.89,327.89,0,0,243
1202399,29,57,2569,326.89,326.89,0,0,149
1275732,30,57,2569,327.89,327.89,0,0,190
1447592,31,57,2569,326.89,326.89,0,0,163
1495053,32,57,2569,328.89,328.89,0,0,204
1071411,33,57,2569,327.89,327.89,0,0,107
1195843,34,57,2569,328.89,327.89,0,0,230
1405465,35,57,2569,326.89,326.89,0,0,202
1224564,36,57,2569,328.89,327.89,0,0,231
1471308,37,57,2569,242.5,327.89,1,0,311
1327192,38,57,2569,326.89,326.89,0,0,149
1464145,39,57,2569,327.89,326.89,0,0,177
1182436,40,57,2569,326.89,326.89,0,0,121
1227810,41,57,2569,328.89,326.89,0,0,150
1348351,42,57,2569,328.89,328.89,0,0,297
1142198,43,57,2569,326.89,328.89,0,0,204
1246329,44,57,2569,328.89,328.89,0,0,257
1087887,45,57,2569,328.89,327.89,0,0,216
1013540,46,57,2569,327.89,326.89,0,0,68
1271107,47,57,2569,328.89,326.89,0,0,366
1131665,48,57,2569,326.89,326.89,0,0,325
1106612,49,57,2569,326.89,328.89,0,0,189
1224296,50,57,2569,326.89,327.89,0,0,109
1236952,51,57,2569,326.89,327.89,0,0,94
1432940,52,57,2569,321.1,322.1,0,0,297
1484108,53,57,2569,327.89,327.89,0,0,162
1001775,54,57,2569,327.89,326.89,0,0,365
1272181,55,57,2569,326.89,327.89,0,0,230
1374430,56,57,2569,273.57,327.89,1,0,539
1456940,57,57,2569,261.9,327.89,1,0,620
1491604,58,57,2569,326.89,326.89,0,0,215
1475434,59,57,2569,327.89,327.89,0,0,296
1448250,60,57,2569,326.89,328.89,0,0,298
1464906,61,57,2569,328.89,328.89,0,0,204
1131520,62,57,2569,326.89,326.89,0,0,231
1332231,63,57,2569,326.89,327.89,0,0,176
1090464,64,57,2569,326.89,327.89,0,0,216
1070838,65,57,2569,327.89,328.89,0,0,366
1407563,66,57,2569,328.89,326.89,0,0,229
1255559,67,57,2569,328.89,326.89,0,0,244
1420735,68,57,2569,328.89,326.89,0,0,284
1497748,69,57,2569,328.89,326.89,0,0,594
1492990,70,57,2569,303.61,304.61,0,0,189
1125139,71,57,2569,328.89,328.89,0,0,284
1004745,72,57,2569,328.89,326.89,0,0,243
1133743,73,57,2569,327.89,326.89,0,0,703
1388101,74,57,2569,327.89,326.89,0,0,352
1301917,75,57,2569,328.89,328.89,0,0,377
1366818,76,57,2569,328.89,326.89,0,0,231
1026073,77,57,2569,328.89,328.89,0,0,243
1397401,78,57,2569,325.01,323.01,0,0,378
1057008,79,57,2569,310.43,310.43,0,0,163
1474763,80,57,2569,311.43,310.43,0,0,269
1086913,81,57,2569,310.43,311.43,0,0,379
1179824,82,57,2569,250.29,310.43,1,1,1403
1292109,83,57,2569,311.43,310.43,0,0,392
1398395,84,57,2569,310.43,310.43,0,0,378
1243571,85,57,2569,311.43,311.43,0,0,405
1227351,86,57,2569,310.43,310.43,0,0,539
1004775,87,57,2569,310.43,309.43,0,0,392
1322755,88,57,2569,309.43,310.43,0,0,162
1067276,89,57,2569,294.91,293.91,0,0,109
1365252,90,57,2569,311.43,310.43,0,0,405
1227845,91,57,2569,310.43,309.43,0,0,594
1190048,92,57,2569,302.7,302.7,0,0,474
1140166,93,57,2569,311.43,309.43,0,0,298
1113183,94,57,2569,311.43,310.43,0,0,350
1437371,95,57,2569,309.43,311.43,0,0,634
1493333,96,57,2569,311.43,309.43,0,0,431
1277398,97,57,2569,290.06,291.06,0,0,405
1124045,98,57,2569,309.43,309.43,0,0,337
1199022,99,57,2569,310.43,311.43,0,0,379
1360202,100,57,2569,305.58,304.58,0,0,393
1406525,101,57,2569,309.43,311.43,0,0,337
1013927,102,57,2569,310.43,309.43,0,0,310
1307261,103,57,2569,311.43,311.43,0,0,175
1161149,104,57,2569,311.43,310.43,0,0,756
1075834,105,57,2569,311.43,310.43,0,0,338
1451215,106,57,2569,311.43,311.43,0,0,271
1381436,107,57,2569,309.43,310.43,0,0,310
1269851,108,57,2569,311.43,311.43,0,0,690
1280676,109,57,2569,311.43,310.43,0,0,635
1405888,110,57,2569,309.43,309.43,0,0,539
1073361,111,57,2569,309.43,311.43,0,0,338
1071590,112,57,2569,303.64,303.64,0,0,608
1111593,113,57,2569,305.55,307.55,0,0,607
1246161,114,57,2569,309.43,310.43,0,0,458
1483793,115,57,2569,249.29,310.43,1,1,690
1217623,116,57,2569,249.32,309.43,0,1,636
1474445,117,57,2569,306.52,307.52,0,0,568
1110802,118,57,2569,309.43,309.43,0,0,485
1368243,119,57,2569,310.43,310.43,0,0,312
1274645,120,57,2569,310.43,311.43,0,0,229
1097254,121,57,2569,311.43,310.43,0,0,756
1176613,122,57,2569,309.43,310.43,0,0,514
1335345,123,57,2569,311.43,309.43,0,0,352
1152521,124,57,2569,305.61,305.61,0,0,365
1491255,125,57,2569,309.43,311.43,0,0,431
1172562,126,57,2569,313.34,314.34,0,0,769
1484864,127,57,2569,339.53,338.53,0,0,473
1433075,128,57,2569,339.53,339.53,0,0,269
1451484,129,57,2569,339.53,338.53,0,0,189
1194101,130,57,2569,339.53,339.53,0,0,350
1315736,131,57,2569,338.53,339.53,0,0,283
1329054,132,57,2569,340.53,340.53,0,0,229
1228023,133,57,2569,339.53,338.53,0,0,135
1124898,134,57,2569,340.53,340.53,0,0,377
1467541,135,57,2569,338.53,340.53,0,0,378
1420792,136,57,2569,293.91,338.53,0,0,310
1328921,137,57,2569,340.53,339.53,0,0,257
1071526,138,57,2569,339.53,339.53,0,0,229
1259972,139,57,2569,339.53,339.53,0,0,474
1063982,140,57,2569,323.01,324.01,0,0,297
1097242,141,57,2569,307.55,305.55,0,0,338
1296767,142,57,2569,323.07,323.07,0,0,351
1421783,143,57,2569,321.07,323.07,0,0,728
1475211,144,57,2569,252.23,322.07,1,1,701
1078375,145,57,2569,258.05,321.07,0,0,499
